Root: /path/to/sample-monorepo

Found 32 manifests:
- 10 with extracted dependencies
- 5 confirmed empty
- 3 with dependencies present, not extracted
- 14 with dependency status unknown

apps/backend/requirements/base.txt [2 deps]
  - requests==2.32.3
  - pydantic==2.9.2

backend/Pipfile.lock [2 deps]
  default:
    - requests==2.32.3
  develop:
    - pytest==8.3.3

backend/pdm.lock [matched]

backend/poetry.lock [1 dep]
  - requests==2.32.3

cpp-app/conan.lock [matched]

dotnet-app/app.csproj [dependencies present, not extracted]

elixir-app/mix.lock [matched]

frontend/bun.lock [matched]

frontend/bun.lockb [matched]

frontend/deno.lock [matched]

frontend/package-lock.json [1 dep]
  - react

frontend/pnpm-lock.yaml [2 deps]
  dependencies:
    - react@18.3.1
  devDependencies:
    - @types/node@20.12.7

go-service/Gopkg.lock [matched]

go-service/glide.lock [matched]

go-service/go.mod [1 dep]
  - github.com/stretchr/testify

go-service/go.sum [matched]

ios-app/Package.resolved [matched]

ios-app/Podfile.lock [matched]

java-service/gradle.lockfile [matched]

php-app/composer.json [dependencies present, not extracted]

php-app/composer.lock [1 dep]
  packages:
    - monolog/monolog@3.6.0

requirements.qt6_3.in [1 dep]
  - PyQt6==6.7.0

requirements.txt [1 dep]
  - requests==2.32.0

ruby-app/Gemfile [matched]

ruby-app/Gemfile.lock [matched]

rust-app/Cargo.lock [1 dep]
  - serde@1.0.217

rust-app/Cargo.toml [dependencies present, not extracted]
